main.c:98:5:main	8	static
main.c:180:6:SystemClock_Config	72	static
main.c:216:13:MX_TIM2_Init	32	static
main.c:261:13:MX_GPIO_Init	32	static
main.c:318:6:set_fsm_timer	16	static
main.c:322:6:set_second_timer	16	static
main.c:326:6:set_blink_timer	16	static
main.c:330:6:set_auto_increment_timer	16	static
main.c:335:6:timer_run	4	static
main.c:355:6:clearAllTrafficLEDs	8	static
main.c:358:6:updateTrafficLight	8	static
main.c:376:6:display7SEG	32	static
main.c:387:6:update7SEG_Multiplexing	8	static
main.c:402:6:updateLED_Buffer_Normal	4	static
main.c:408:6:updateLED_Buffer_Modify	4	static
main.c:419:6:fsm_automatic_run	8	static
main.c:468:6:HAL_TIM_PeriodElapsedCallback	16	static
main.c:487:6:Error_Handler	4	static,ignoring_inline_asm
